// Jest Snapshot v1, https://goo.gl/fbAQLP

exports[`ExpenseListItem should render correctly 1`] = `
<Link
  className="list__item"
  to="/edit/2"
>
  <div>
    <h2
      className="list__item__title"
    >
      Rent
    </h2>
    <span
      className="list__item__subtitle"
    >
      December 27th, 1969
    </span>
  </div>
  <div>
    <h3
      className="list__item__amount"
    >
      $1,095.00
    </h3>
  </div>
</Link>
`;
