// Jest Snapshot v1, https://goo.gl/fbAQLP

exports[`Should render the ExpensifyDashboardPage component 1`] = `
<div>
  <div
    className="page-header"
  >
    <div
      className="content-container"
    >
      <[object Object] />
      <div
        className="page-header__actions"
      >
        <Link
          className="button"
          to="/create"
        >
          Add Expense
        </Link>
      </div>
    </div>
  </div>
  <[object Object] />
</div>
`;
