// Jest Snapshot v1, https://goo.gl/fbAQLP

exports[`Should render the LoginPage component 1`] = `
<div
  className="box-layout"
>
  <div
    className="box-layout__box"
  >
    <h1
      className="box-layout__title"
    >
      Expensify
    </h1>
    <p>
      Buy things, track them, realize how much you've been eating out...
    </p>
    <button
      className="button"
      onClick={[MockFunction]}
    >
      Login with Google
    </button>
  </div>
</div>
`;
